\BOOKMARK [0][-]{chapter.1}{\376\377\0001\000\040\000C\000l\000a\000s\000s\000\040\000I\000n\000d\000e\000x}{}% 1
\BOOKMARK [1][-]{section.1.1}{\376\377\0001\000.\0001\000\040\000C\000l\000a\000s\000s\000\040\000L\000i\000s\000t}{chapter.1}% 2
\BOOKMARK [0][-]{chapter.2}{\376\377\0002\000\040\000F\000i\000l\000e\000\040\000I\000n\000d\000e\000x}{}% 3
\BOOKMARK [1][-]{section.2.1}{\376\377\0002\000.\0001\000\040\000F\000i\000l\000e\000\040\000L\000i\000s\000t}{chapter.2}% 4
\BOOKMARK [0][-]{chapter.3}{\376\377\0003\000\040\000C\000l\000a\000s\000s\000\040\000D\000o\000c\000u\000m\000e\000n\000t\000a\000t\000i\000o\000n}{}% 5
\BOOKMARK [1][-]{section.3.1}{\376\377\0003\000.\0001\000\040\000B\000F\000i\000e\000l\000d\000D\000e\000s\000c\000r\000i\000p\000t\000o\000r\000\040\000S\000t\000r\000u\000c\000t\000\040\000R\000e\000f\000e\000r\000e\000n\000c\000e}{chapter.3}% 6
\BOOKMARK [2][-]{subsection.3.1.1}{\376\377\0003\000.\0001\000.\0001\000\040\000D\000e\000t\000a\000i\000l\000e\000d\000\040\000D\000e\000s\000c\000r\000i\000p\000t\000i\000o\000n}{section.3.1}% 7
\BOOKMARK [1][-]{section.3.2}{\376\377\0003\000.\0002\000\040\000B\000l\000o\000c\000k\000B\000u\000f\000f\000e\000r\000\040\000C\000l\000a\000s\000s\000\040\000R\000e\000f\000e\000r\000e\000n\000c\000e}{chapter.3}% 8
\BOOKMARK [2][-]{subsection.3.2.1}{\376\377\0003\000.\0002\000.\0001\000\040\000D\000e\000t\000a\000i\000l\000e\000d\000\040\000D\000e\000s\000c\000r\000i\000p\000t\000i\000o\000n}{section.3.2}% 9
\BOOKMARK [2][-]{subsection.3.2.2}{\376\377\0003\000.\0002\000.\0002\000\040\000C\000o\000n\000s\000t\000r\000u\000c\000t\000o\000r\000\040\000\046\000\040\000D\000e\000s\000t\000r\000u\000c\000t\000o\000r\000\040\000D\000o\000c\000u\000m\000e\000n\000t\000a\000t\000i\000o\000n}{section.3.2}% 10
\BOOKMARK [3][-]{subsubsection.3.2.2.1}{\376\377\0003\000.\0002\000.\0002\000.\0001\000\040\000B\000l\000o\000c\000k\000B\000u\000f\000f\000e\000r\000\050\000\051}{subsection.3.2.2}% 11
\BOOKMARK [2][-]{subsection.3.2.3}{\376\377\0003\000.\0002\000.\0003\000\040\000M\000e\000m\000b\000e\000r\000\040\000F\000u\000n\000c\000t\000i\000o\000n\000\040\000D\000o\000c\000u\000m\000e\000n\000t\000a\000t\000i\000o\000n}{section.3.2}% 12
\BOOKMARK [3][-]{subsubsection.3.2.3.1}{\376\377\0003\000.\0002\000.\0003\000.\0001\000\040\000a\000d\000d\000R\000e\000c\000o\000r\000d\000\050\000\051}{subsection.3.2.3}% 13
\BOOKMARK [3][-]{subsubsection.3.2.3.2}{\376\377\0003\000.\0002\000.\0003\000.\0002\000\040\000c\000l\000e\000a\000r\000\050\000\051}{subsection.3.2.3}% 14
\BOOKMARK [3][-]{subsubsection.3.2.3.3}{\376\377\0003\000.\0002\000.\0003\000.\0003\000\040\000f\000r\000e\000e\000B\000y\000t\000e\000s\000\050\000\051}{subsection.3.2.3}% 15
\BOOKMARK [3][-]{subsubsection.3.2.3.4}{\376\377\0003\000.\0002\000.\0003\000.\0004\000\040\000g\000e\000t\000R\000e\000c\000o\000r\000d\000s\000\050\000\051}{subsection.3.2.3}% 16
\BOOKMARK [3][-]{subsubsection.3.2.3.5}{\376\377\0003\000.\0002\000.\0003\000.\0005\000\040\000h\000i\000g\000h\000e\000s\000t\000K\000e\000y\000\050\000\051}{subsection.3.2.3}% 17
\BOOKMARK [3][-]{subsubsection.3.2.3.6}{\376\377\0003\000.\0002\000.\0003\000.\0006\000\040\000l\000o\000w\000e\000s\000t\000K\000e\000y\000\050\000\051}{subsection.3.2.3}% 18
\BOOKMARK [3][-]{subsubsection.3.2.3.7}{\376\377\0003\000.\0002\000.\0003\000.\0007\000\040\000m\000a\000k\000e\000A\000v\000a\000i\000l\000\050\000\051}{subsection.3.2.3}% 19
\BOOKMARK [3][-]{subsubsection.3.2.3.8}{\376\377\0003\000.\0002\000.\0003\000.\0008\000\040\000o\000f\000f\000s\000e\000t\000F\000o\000r\000R\000B\000N\000\050\000\051}{subsection.3.2.3}% 20
\BOOKMARK [3][-]{subsubsection.3.2.3.9}{\376\377\0003\000.\0002\000.\0003\000.\0009\000\040\000p\000a\000c\000k\000\050\000\051}{subsection.3.2.3}% 21
\BOOKMARK [3][-]{subsubsection.3.2.3.10}{\376\377\0003\000.\0002\000.\0003\000.\0001\0000\000\040\000r\000e\000a\000d\000B\000l\000o\000c\000k\000\050\000\051}{subsection.3.2.3}% 22
\BOOKMARK [3][-]{subsubsection.3.2.3.11}{\376\377\0003\000.\0002\000.\0003\000.\0001\0001\000\040\000u\000n\000p\000a\000c\000k\000\050\000\051}{subsection.3.2.3}% 23
\BOOKMARK [3][-]{subsubsection.3.2.3.12}{\376\377\0003\000.\0002\000.\0003\000.\0001\0002\000\040\000w\000r\000i\000t\000e\000B\000l\000o\000c\000k\000\050\000\051}{subsection.3.2.3}% 24
\BOOKMARK [1][-]{section.3.3}{\376\377\0003\000.\0003\000\040\000B\000l\000o\000c\000k\000F\000i\000l\000e\000H\000e\000a\000d\000e\000r\000\040\000S\000t\000r\000u\000c\000t\000\040\000R\000e\000f\000e\000r\000e\000n\000c\000e}{chapter.3}% 25
\BOOKMARK [2][-]{subsection.3.3.1}{\376\377\0003\000.\0003\000.\0001\000\040\000D\000e\000t\000a\000i\000l\000e\000d\000\040\000D\000e\000s\000c\000r\000i\000p\000t\000i\000o\000n}{section.3.3}% 26
\BOOKMARK [1][-]{section.3.4}{\376\377\0003\000.\0004\000\040\000B\000l\000o\000c\000k\000H\000e\000a\000d\000e\000r\000B\000u\000f\000f\000e\000r\000\040\000C\000l\000a\000s\000s\000\040\000R\000e\000f\000e\000r\000e\000n\000c\000e}{chapter.3}% 27
\BOOKMARK [2][-]{subsection.3.4.1}{\376\377\0003\000.\0004\000.\0001\000\040\000D\000e\000t\000a\000i\000l\000e\000d\000\040\000D\000e\000s\000c\000r\000i\000p\000t\000i\000o\000n}{section.3.4}% 28
\BOOKMARK [2][-]{subsection.3.4.2}{\376\377\0003\000.\0004\000.\0002\000\040\000C\000o\000n\000s\000t\000r\000u\000c\000t\000o\000r\000\040\000\046\000\040\000D\000e\000s\000t\000r\000u\000c\000t\000o\000r\000\040\000D\000o\000c\000u\000m\000e\000n\000t\000a\000t\000i\000o\000n}{section.3.4}% 29
\BOOKMARK [3][-]{subsubsection.3.4.2.1}{\376\377\0003\000.\0004\000.\0002\000.\0001\000\040\000B\000l\000o\000c\000k\000H\000e\000a\000d\000e\000r\000B\000u\000f\000f\000e\000r\000\050\000\051}{subsection.3.4.2}% 30
\BOOKMARK [2][-]{subsection.3.4.3}{\376\377\0003\000.\0004\000.\0003\000\040\000M\000e\000m\000b\000e\000r\000\040\000F\000u\000n\000c\000t\000i\000o\000n\000\040\000D\000o\000c\000u\000m\000e\000n\000t\000a\000t\000i\000o\000n}{section.3.4}% 31
\BOOKMARK [3][-]{subsubsection.3.4.3.1}{\376\377\0003\000.\0004\000.\0003\000.\0001\000\040\000b\000u\000i\000l\000d\000D\000e\000f\000a\000u\000l\000t\000\050\000\051}{subsection.3.4.3}% 32
\BOOKMARK [3][-]{subsubsection.3.4.3.2}{\376\377\0003\000.\0004\000.\0003\000.\0002\000\040\000p\000r\000i\000n\000t\000\050\000\051}{subsection.3.4.3}% 33
\BOOKMARK [3][-]{subsubsection.3.4.3.3}{\376\377\0003\000.\0004\000.\0003\000.\0003\000\040\000r\000e\000a\000d\000\050\000\051}{subsection.3.4.3}% 34
\BOOKMARK [3][-]{subsubsection.3.4.3.4}{\376\377\0003\000.\0004\000.\0003\000.\0004\000\040\000w\000r\000i\000t\000e\000\050\000\051}{subsection.3.4.3}% 35
\BOOKMARK [1][-]{section.3.5}{\376\377\0003\000.\0005\000\040\000S\000e\000q\000u\000e\000n\000c\000e\000S\000e\000t\000\040\000C\000l\000a\000s\000s\000\040\000R\000e\000f\000e\000r\000e\000n\000c\000e}{chapter.3}% 36
\BOOKMARK [2][-]{subsection.3.5.1}{\376\377\0003\000.\0005\000.\0001\000\040\000D\000e\000t\000a\000i\000l\000e\000d\000\040\000D\000e\000s\000c\000r\000i\000p\000t\000i\000o\000n}{section.3.5}% 37
\BOOKMARK [2][-]{subsection.3.5.2}{\376\377\0003\000.\0005\000.\0002\000\040\000C\000o\000n\000s\000t\000r\000u\000c\000t\000o\000r\000\040\000\046\000\040\000D\000e\000s\000t\000r\000u\000c\000t\000o\000r\000\040\000D\000o\000c\000u\000m\000e\000n\000t\000a\000t\000i\000o\000n}{section.3.5}% 38
\BOOKMARK [3][-]{subsubsection.3.5.2.1}{\376\377\0003\000.\0005\000.\0002\000.\0001\000\040\000S\000e\000q\000u\000e\000n\000c\000e\000S\000e\000t\000\050\000\051}{subsection.3.5.2}% 39
\BOOKMARK [2][-]{subsection.3.5.3}{\376\377\0003\000.\0005\000.\0003\000\040\000M\000e\000m\000b\000e\000r\000\040\000F\000u\000n\000c\000t\000i\000o\000n\000\040\000D\000o\000c\000u\000m\000e\000n\000t\000a\000t\000i\000o\000n}{section.3.5}% 40
\BOOKMARK [3][-]{subsubsection.3.5.3.1}{\376\377\0003\000.\0005\000.\0003\000.\0001\000\040\000c\000l\000o\000s\000e\000\050\000\051}{subsection.3.5.3}% 41
\BOOKMARK [3][-]{subsubsection.3.5.3.2}{\376\377\0003\000.\0005\000.\0003\000.\0002\000\040\000c\000r\000e\000a\000t\000e\000\050\000\051}{subsection.3.5.3}% 42
\BOOKMARK [3][-]{subsubsection.3.5.3.3}{\376\377\0003\000.\0005\000.\0003\000.\0003\000\040\000d\000u\000m\000p\000I\000n\000d\000e\000x\000\050\000\051}{subsection.3.5.3}% 43
\BOOKMARK [3][-]{subsubsection.3.5.3.4}{\376\377\0003\000.\0005\000.\0003\000.\0004\000\040\000d\000u\000m\000p\000L\000o\000g\000i\000c\000a\000l\000\050\000\051}{subsection.3.5.3}% 44
\BOOKMARK [3][-]{subsubsection.3.5.3.5}{\376\377\0003\000.\0005\000.\0003\000.\0005\000\040\000d\000u\000m\000p\000P\000h\000y\000s\000i\000c\000a\000l\000\050\000\051}{subsection.3.5.3}% 45
\BOOKMARK [3][-]{subsubsection.3.5.3.6}{\376\377\0003\000.\0005\000.\0003\000.\0006\000\040\000i\000n\000s\000e\000r\000t\000\050\000\051}{subsection.3.5.3}% 46
\BOOKMARK [3][-]{subsubsection.3.5.3.7}{\376\377\0003\000.\0005\000.\0003\000.\0007\000\040\000i\000s\000O\000p\000e\000n\000\050\000\051}{subsection.3.5.3}% 47
\BOOKMARK [3][-]{subsubsection.3.5.3.8}{\376\377\0003\000.\0005\000.\0003\000.\0008\000\040\000o\000p\000e\000n\000\050\000\051}{subsection.3.5.3}% 48
\BOOKMARK [3][-]{subsubsection.3.5.3.9}{\376\377\0003\000.\0005\000.\0003\000.\0009\000\040\000p\000r\000i\000n\000t\000H\000e\000a\000d\000e\000r\000\050\000\051}{subsection.3.5.3}% 49
\BOOKMARK [3][-]{subsubsection.3.5.3.10}{\376\377\0003\000.\0005\000.\0003\000.\0001\0000\000\040\000r\000e\000m\000o\000v\000e\000\050\000\051}{subsection.3.5.3}% 50
\BOOKMARK [3][-]{subsubsection.3.5.3.11}{\376\377\0003\000.\0005\000.\0003\000.\0001\0001\000\040\000s\000c\000a\000n\000A\000l\000l\000\050\000\051}{subsection.3.5.3}% 51
\BOOKMARK [3][-]{subsubsection.3.5.3.12}{\376\377\0003\000.\0005\000.\0003\000.\0001\0002\000\040\000s\000e\000a\000r\000c\000h\000\050\000\051}{subsection.3.5.3}% 52
\BOOKMARK [1][-]{section.3.6}{\376\377\0003\000.\0006\000\040\000S\000i\000m\000p\000l\000e\000I\000n\000d\000e\000x\000\040\000C\000l\000a\000s\000s\000\040\000R\000e\000f\000e\000r\000e\000n\000c\000e}{chapter.3}% 53
\BOOKMARK [2][-]{subsection.3.6.1}{\376\377\0003\000.\0006\000.\0001\000\040\000D\000e\000t\000a\000i\000l\000e\000d\000\040\000D\000e\000s\000c\000r\000i\000p\000t\000i\000o\000n}{section.3.6}% 54
\BOOKMARK [2][-]{subsection.3.6.2}{\376\377\0003\000.\0006\000.\0002\000\040\000M\000e\000m\000b\000e\000r\000\040\000F\000u\000n\000c\000t\000i\000o\000n\000\040\000D\000o\000c\000u\000m\000e\000n\000t\000a\000t\000i\000o\000n}{section.3.6}% 55
\BOOKMARK [3][-]{subsubsection.3.6.2.1}{\376\377\0003\000.\0006\000.\0002\000.\0001\000\040\000e\000n\000t\000r\000i\000e\000s\000\050\000\051}{subsection.3.6.2}% 56
\BOOKMARK [3][-]{subsubsection.3.6.2.2}{\376\377\0003\000.\0006\000.\0002\000.\0002\000\040\000f\000i\000n\000d\000R\000B\000N\000\050\000\051}{subsection.3.6.2}% 57
\BOOKMARK [3][-]{subsubsection.3.6.2.3}{\376\377\0003\000.\0006\000.\0002\000.\0003\000\040\000r\000e\000a\000d\000\050\000\051}{subsection.3.6.2}% 58
\BOOKMARK [3][-]{subsubsection.3.6.2.4}{\376\377\0003\000.\0006\000.\0002\000.\0004\000\040\000r\000e\000m\000o\000v\000e\000B\000y\000K\000e\000y\000\050\000\051}{subsection.3.6.2}% 59
\BOOKMARK [3][-]{subsubsection.3.6.2.5}{\376\377\0003\000.\0006\000.\0002\000.\0005\000\040\000r\000e\000m\000o\000v\000e\000B\000y\000R\000B\000N\000\050\000\051}{subsection.3.6.2}% 60
\BOOKMARK [3][-]{subsubsection.3.6.2.6}{\376\377\0003\000.\0006\000.\0002\000.\0006\000\040\000s\000i\000z\000e\000\050\000\051}{subsection.3.6.2}% 61
\BOOKMARK [3][-]{subsubsection.3.6.2.7}{\376\377\0003\000.\0006\000.\0002\000.\0007\000\040\000u\000p\000s\000e\000r\000t\000\050\000\051}{subsection.3.6.2}% 62
\BOOKMARK [3][-]{subsubsection.3.6.2.8}{\376\377\0003\000.\0006\000.\0002\000.\0008\000\040\000w\000r\000i\000t\000e\000\050\000\051}{subsection.3.6.2}% 63
\BOOKMARK [1][-]{section.3.7}{\376\377\0003\000.\0007\000\040\000S\000t\000a\000t\000e\000E\000x\000t\000r\000e\000m\000e\000s\000\040\000S\000t\000r\000u\000c\000t\000\040\000R\000e\000f\000e\000r\000e\000n\000c\000e}{chapter.3}% 64
\BOOKMARK [2][-]{subsection.3.7.1}{\376\377\0003\000.\0007\000.\0001\000\040\000D\000e\000t\000a\000i\000l\000e\000d\000\040\000D\000e\000s\000c\000r\000i\000p\000t\000i\000o\000n}{section.3.7}% 65
\BOOKMARK [1][-]{section.3.8}{\376\377\0003\000.\0008\000\040\000Z\000i\000p\000C\000o\000d\000e\000B\000u\000f\000f\000e\000r\000\040\000C\000l\000a\000s\000s\000\040\000R\000e\000f\000e\000r\000e\000n\000c\000e}{chapter.3}% 66
\BOOKMARK [2][-]{subsection.3.8.1}{\376\377\0003\000.\0008\000.\0001\000\040\000D\000e\000t\000a\000i\000l\000e\000d\000\040\000D\000e\000s\000c\000r\000i\000p\000t\000i\000o\000n}{section.3.8}% 67
\BOOKMARK [2][-]{subsection.3.8.2}{\376\377\0003\000.\0008\000.\0002\000\040\000C\000o\000n\000s\000t\000r\000u\000c\000t\000o\000r\000\040\000\046\000\040\000D\000e\000s\000t\000r\000u\000c\000t\000o\000r\000\040\000D\000o\000c\000u\000m\000e\000n\000t\000a\000t\000i\000o\000n}{section.3.8}% 68
\BOOKMARK [3][-]{subsubsection.3.8.2.1}{\376\377\0003\000.\0008\000.\0002\000.\0001\000\040\000Z\000i\000p\000C\000o\000d\000e\000B\000u\000f\000f\000e\000r\000\050\000\051}{subsection.3.8.2}% 69
\BOOKMARK [2][-]{subsection.3.8.3}{\376\377\0003\000.\0008\000.\0003\000\040\000M\000e\000m\000b\000e\000r\000\040\000F\000u\000n\000c\000t\000i\000o\000n\000\040\000D\000o\000c\000u\000m\000e\000n\000t\000a\000t\000i\000o\000n}{section.3.8}% 70
\BOOKMARK [3][-]{subsubsection.3.8.3.1}{\376\377\0003\000.\0008\000.\0003\000.\0001\000\040\000g\000a\000t\000h\000e\000r\000A\000l\000l\000R\000e\000c\000o\000r\000d\000s\000\050\000\051}{subsection.3.8.3}% 71
\BOOKMARK [3][-]{subsubsection.3.8.3.2}{\376\377\0003\000.\0008\000.\0003\000.\0002\000\040\000o\000p\000e\000n\000\050\000\051}{subsection.3.8.3}% 72
\BOOKMARK [3][-]{subsubsection.3.8.3.3}{\376\377\0003\000.\0008\000.\0003\000.\0003\000\040\000r\000e\000a\000d\000R\000e\000c\000o\000r\000d\000\050\000\051}{subsection.3.8.3}% 73
\BOOKMARK [3][-]{subsubsection.3.8.3.4}{\376\377\0003\000.\0008\000.\0003\000.\0004\000\040\000r\000e\000s\000e\000t\000\050\000\051}{subsection.3.8.3}% 74
\BOOKMARK [1][-]{section.3.9}{\376\377\0003\000.\0009\000\040\000Z\000i\000p\000C\000o\000d\000e\000R\000e\000c\000o\000r\000d\000\040\000S\000t\000r\000u\000c\000t\000\040\000R\000e\000f\000e\000r\000e\000n\000c\000e}{chapter.3}% 75
\BOOKMARK [2][-]{subsection.3.9.1}{\376\377\0003\000.\0009\000.\0001\000\040\000D\000e\000t\000a\000i\000l\000e\000d\000\040\000D\000e\000s\000c\000r\000i\000p\000t\000i\000o\000n}{section.3.9}% 76
\BOOKMARK [2][-]{subsection.3.9.2}{\376\377\0003\000.\0009\000.\0002\000\040\000M\000e\000m\000b\000e\000r\000\040\000F\000u\000n\000c\000t\000i\000o\000n\000\040\000D\000o\000c\000u\000m\000e\000n\000t\000a\000t\000i\000o\000n}{section.3.9}% 77
\BOOKMARK [3][-]{subsubsection.3.9.2.1}{\376\377\0003\000.\0009\000.\0002\000.\0001\000\040\000f\000r\000o\000m\000C\000S\000V\000\050\000\051}{subsection.3.9.2}% 78
\BOOKMARK [3][-]{subsubsection.3.9.2.2}{\376\377\0003\000.\0009\000.\0002\000.\0002\000\040\000t\000o\000C\000S\000V\000\050\000\051}{subsection.3.9.2}% 79
\BOOKMARK [0][-]{chapter.4}{\376\377\0004\000\040\000F\000i\000l\000e\000\040\000D\000o\000c\000u\000m\000e\000n\000t\000a\000t\000i\000o\000n}{}% 80
\BOOKMARK [1][-]{section.4.1}{\376\377\0004\000.\0001\000\040\000B\000l\000o\000c\000k\000B\000u\000f\000f\000e\000r\000.\000c\000p\000p\000\040\000F\000i\000l\000e\000\040\000R\000e\000f\000e\000r\000e\000n\000c\000e}{chapter.4}% 81
\BOOKMARK [2][-]{subsection.4.1.1}{\376\377\0004\000.\0001\000.\0001\000\040\000D\000e\000t\000a\000i\000l\000e\000d\000\040\000D\000e\000s\000c\000r\000i\000p\000t\000i\000o\000n}{section.4.1}% 82
\BOOKMARK [1][-]{section.4.2}{\376\377\0004\000.\0002\000\040\000B\000l\000o\000c\000k\000B\000u\000f\000f\000e\000r\000.\000h\000\040\000F\000i\000l\000e\000\040\000R\000e\000f\000e\000r\000e\000n\000c\000e}{chapter.4}% 83
\BOOKMARK [2][-]{subsection.4.2.1}{\376\377\0004\000.\0002\000.\0001\000\040\000D\000e\000t\000a\000i\000l\000e\000d\000\040\000D\000e\000s\000c\000r\000i\000p\000t\000i\000o\000n}{section.4.2}% 84
\BOOKMARK [1][-]{section.4.3}{\376\377\0004\000.\0003\000\040\000B\000l\000o\000c\000k\000B\000u\000f\000f\000e\000r\000.\000h}{chapter.4}% 85
\BOOKMARK [1][-]{section.4.4}{\376\377\0004\000.\0004\000\040\000B\000l\000o\000c\000k\000H\000e\000a\000d\000e\000r\000B\000u\000f\000f\000e\000r\000.\000c\000p\000p\000\040\000F\000i\000l\000e\000\040\000R\000e\000f\000e\000r\000e\000n\000c\000e}{chapter.4}% 86
\BOOKMARK [2][-]{subsection.4.4.1}{\376\377\0004\000.\0004\000.\0001\000\040\000D\000e\000t\000a\000i\000l\000e\000d\000\040\000D\000e\000s\000c\000r\000i\000p\000t\000i\000o\000n}{section.4.4}% 87
\BOOKMARK [1][-]{section.4.5}{\376\377\0004\000.\0005\000\040\000B\000l\000o\000c\000k\000H\000e\000a\000d\000e\000r\000B\000u\000f\000f\000e\000r\000.\000h\000\040\000F\000i\000l\000e\000\040\000R\000e\000f\000e\000r\000e\000n\000c\000e}{chapter.4}% 88
\BOOKMARK [2][-]{subsection.4.5.1}{\376\377\0004\000.\0005\000.\0001\000\040\000D\000e\000t\000a\000i\000l\000e\000d\000\040\000D\000e\000s\000c\000r\000i\000p\000t\000i\000o\000n}{section.4.5}% 89
\BOOKMARK [1][-]{section.4.6}{\376\377\0004\000.\0006\000\040\000B\000l\000o\000c\000k\000H\000e\000a\000d\000e\000r\000B\000u\000f\000f\000e\000r\000.\000h}{chapter.4}% 90
\BOOKMARK [1][-]{section.4.7}{\376\377\0004\000.\0007\000\040\000m\000a\000i\000n\000.\000c\000p\000p\000\040\000F\000i\000l\000e\000\040\000R\000e\000f\000e\000r\000e\000n\000c\000e}{chapter.4}% 91
\BOOKMARK [2][-]{subsection.4.7.1}{\376\377\0004\000.\0007\000.\0001\000\040\000D\000e\000t\000a\000i\000l\000e\000d\000\040\000D\000e\000s\000c\000r\000i\000p\000t\000i\000o\000n}{section.4.7}% 92
\BOOKMARK [1][-]{section.4.8}{\376\377\0004\000.\0008\000\040\000S\000e\000q\000u\000e\000n\000c\000e\000S\000e\000t\000.\000c\000p\000p\000\040\000F\000i\000l\000e\000\040\000R\000e\000f\000e\000r\000e\000n\000c\000e}{chapter.4}% 93
\BOOKMARK [2][-]{subsection.4.8.1}{\376\377\0004\000.\0008\000.\0001\000\040\000D\000e\000t\000a\000i\000l\000e\000d\000\040\000D\000e\000s\000c\000r\000i\000p\000t\000i\000o\000n}{section.4.8}% 94
\BOOKMARK [1][-]{section.4.9}{\376\377\0004\000.\0009\000\040\000S\000e\000q\000u\000e\000n\000c\000e\000S\000e\000t\000.\000h\000\040\000F\000i\000l\000e\000\040\000R\000e\000f\000e\000r\000e\000n\000c\000e}{chapter.4}% 95
\BOOKMARK [2][-]{subsection.4.9.1}{\376\377\0004\000.\0009\000.\0001\000\040\000D\000e\000t\000a\000i\000l\000e\000d\000\040\000D\000e\000s\000c\000r\000i\000p\000t\000i\000o\000n}{section.4.9}% 96
\BOOKMARK [1][-]{section.4.10}{\376\377\0004\000.\0001\0000\000\040\000S\000e\000q\000u\000e\000n\000c\000e\000S\000e\000t\000.\000h}{chapter.4}% 97
\BOOKMARK [1][-]{section.4.11}{\376\377\0004\000.\0001\0001\000\040\000S\000i\000m\000p\000l\000e\000I\000n\000d\000e\000x\000.\000c\000p\000p\000\040\000F\000i\000l\000e\000\040\000R\000e\000f\000e\000r\000e\000n\000c\000e}{chapter.4}% 98
\BOOKMARK [2][-]{subsection.4.11.1}{\376\377\0004\000.\0001\0001\000.\0001\000\040\000D\000e\000t\000a\000i\000l\000e\000d\000\040\000D\000e\000s\000c\000r\000i\000p\000t\000i\000o\000n}{section.4.11}% 99
\BOOKMARK [1][-]{section.4.12}{\376\377\0004\000.\0001\0002\000\040\000S\000i\000m\000p\000l\000e\000I\000n\000d\000e\000x\000.\000h\000\040\000F\000i\000l\000e\000\040\000R\000e\000f\000e\000r\000e\000n\000c\000e}{chapter.4}% 100
\BOOKMARK [2][-]{subsection.4.12.1}{\376\377\0004\000.\0001\0002\000.\0001\000\040\000D\000e\000t\000a\000i\000l\000e\000d\000\040\000D\000e\000s\000c\000r\000i\000p\000t\000i\000o\000n}{section.4.12}% 101
\BOOKMARK [1][-]{section.4.13}{\376\377\0004\000.\0001\0003\000\040\000S\000i\000m\000p\000l\000e\000I\000n\000d\000e\000x\000.\000h}{chapter.4}% 102
\BOOKMARK [1][-]{section.4.14}{\376\377\0004\000.\0001\0004\000\040\000Z\000i\000p\000C\000o\000d\000e\000B\000u\000f\000f\000e\000r\000.\000c\000p\000p\000\040\000F\000i\000l\000e\000\040\000R\000e\000f\000e\000r\000e\000n\000c\000e}{chapter.4}% 103
\BOOKMARK [2][-]{subsection.4.14.1}{\376\377\0004\000.\0001\0004\000.\0001\000\040\000D\000e\000t\000a\000i\000l\000e\000d\000\040\000D\000e\000s\000c\000r\000i\000p\000t\000i\000o\000n}{section.4.14}% 104
\BOOKMARK [1][-]{section.4.15}{\376\377\0004\000.\0001\0005\000\040\000Z\000i\000p\000C\000o\000d\000e\000B\000u\000f\000f\000e\000r\000.\000h\000\040\000F\000i\000l\000e\000\040\000R\000e\000f\000e\000r\000e\000n\000c\000e}{chapter.4}% 105
\BOOKMARK [2][-]{subsection.4.15.1}{\376\377\0004\000.\0001\0005\000.\0001\000\040\000D\000e\000t\000a\000i\000l\000e\000d\000\040\000D\000e\000s\000c\000r\000i\000p\000t\000i\000o\000n}{section.4.15}% 106
\BOOKMARK [1][-]{section.4.16}{\376\377\0004\000.\0001\0006\000\040\000Z\000i\000p\000C\000o\000d\000e\000B\000u\000f\000f\000e\000r\000.\000h}{chapter.4}% 107
\BOOKMARK [0][-]{section*.18}{\376\377\000I\000n\000d\000e\000x}{}% 108
